2026-09-01T19:15:53.581Z  INFO 1 --- [main] com.structurizr.server.Local             : ***********************************************************************************
2026-09-01T19:15:53.585Z  INFO 1 --- [main] com.structurizr.server.Local             :   _____ _                   _              _          
2026-09-01T19:15:53.586Z  INFO 1 --- [main] com.structurizr.server.Local             :  / ____| |                 | |            (_)         
2026-09-01T19:15:53.586Z  INFO 1 --- [main] com.structurizr.server.Local             : | (___ | |_ _ __ _   _  ___| |_ _   _ _ __ _ _____ __ 
2026-09-01T19:15:53.587Z  INFO 1 --- [main] com.structurizr.server.Local             :  \___ \| __| '__| | | |/ __| __| | | | '__| |_  / '__|
2026-09-01T19:15:53.587Z  INFO 1 --- [main] com.structurizr.server.Local             :  ____) | |_| |  | |_| | (__| |_| |_| | |  | |/ /| |   
2026-09-01T19:15:53.587Z  INFO 1 --- [main] com.structurizr.server.Local             : |_____/ \__|_|   \__,_|\___|\__|\__,_|_|  |_/___|_|   
2026-09-01T19:15:53.589Z  INFO 1 --- [main] com.structurizr.server.Local             :                                                       
2026-09-01T19:15:53.590Z  INFO 1 --- [main] com.structurizr.server.Local             : Local v2026.05.22
2026-09-01T19:15:53.590Z  INFO 1 --- [main] com.structurizr.server.Local             : ***********************************************************************************
2026-09-01T19:15:53.591Z  INFO 1 --- [main] com.structurizr.server.Local             :  - structurizr.authentication: none
2026-09-01T19:15:53.591Z  INFO 1 --- [main] com.structurizr.server.Local             :  - structurizr.autorefreshinterval: 5000
2026-09-01T19:15:53.593Z  INFO 1 --- [main] com.structurizr.server.Local             :  - structurizr.autosaveinterval: 5000
2026-09-01T19:15:53.593Z  INFO 1 --- [main] com.structurizr.server.Local             :  - structurizr.cache: none
2026-09-01T19:15:53.594Z  INFO 1 --- [main] com.structurizr.server.Local             :  - structurizr.data: file
2026-09-01T19:15:53.594Z  INFO 1 --- [main] com.structurizr.server.Local             :  - structurizr.datadirectory: /usr/local/structurizr
2026-09-01T19:15:53.594Z  INFO 1 --- [main] com.structurizr.server.Local             :  - structurizr.debug: false
2026-09-01T19:15:53.595Z  INFO 1 --- [main] com.structurizr.server.Local             :  - structurizr.editable: true
2026-09-01T19:15:53.595Z  INFO 1 --- [main] com.structurizr.server.Local             :  - structurizr.logging.filename: /usr/local/structurizr/.structurizr/logs/structurizr.log
2026-09-01T19:15:53.595Z  INFO 1 --- [main] com.structurizr.server.Local             :  - structurizr.network.timeout: 60000
2026-09-01T19:15:53.597Z  INFO 1 --- [main] com.structurizr.server.Local             :  - structurizr.network.urls.allowed: .*
2026-09-01T19:15:53.598Z  INFO 1 --- [main] com.structurizr.server.Local             :  - structurizr.search: lucene
2026-09-01T19:15:53.598Z  INFO 1 --- [main] com.structurizr.server.Local             :  - structurizr.themes: /usr/local/structurizr/themes/
2026-09-01T19:15:53.599Z  INFO 1 --- [main] com.structurizr.server.Local             :  - structurizr.workspace.maxsize: 1MB
2026-09-01T19:15:53.599Z  INFO 1 --- [main] com.structurizr.server.Local             :  - structurizr.workspace.threads: 10
2026-09-01T19:15:53.601Z  INFO 1 --- [main] com.structurizr.server.Local             :  - structurizr.workspaces: *
2026-09-01T19:15:53.602Z  INFO 1 --- [main] com.structurizr.server.Local             : ***********************************************************************************
2026-09-01T19:15:53.603Z  INFO 1 --- [main] com.structurizr.server.Local             : Themes:
2026-09-01T19:15:53.606Z  INFO 1 --- [main] com.structurizr.server.Local             : ***********************************************************************************
